0 verbose cli C:\Program Files\nodejs\node.exe C:\Program Files\nodejs\node_modules\npm\bin\npm-cli.js
1 info using npm@11.8.0
2 info using node@v24.13.1
3 silly config load:file:C:\Program Files\nodejs\node_modules\npm\npmrc
4 silly config load:file:C:\Users\Alibaashe admin\Desktop\checkfinishjules errotouchaya yimid\.npmrc
5 silly config load:file:C:\Users\Alibaashe admin\.npmrc
6 silly config load:file:C:\Users\Alibaashe admin\AppData\Roaming\npm\etc\npmrc
7 verbose title npm run build:rider
8 verbose argv "run" "build:rider"
9 verbose logfile logs-max:10 dir:C:\Users\Alibaashe admin\Desktop\checkfinishjules errotouchaya yimid\.buildtmp\npm-cache\_logs\2026-10-06T10_10_04_679Z-
10 verbose logfile C:\Users\Alibaashe admin\Desktop\checkfinishjules errotouchaya yimid\.buildtmp\npm-cache\_logs\2026-10-06T10_10_04_679Z-debug-0.log
11 silly logfile done cleaning log files
12 http fetch GET 200 https://registry.npmjs.org/npm 1851ms
13 verbose cwd C:\Users\Alibaashe admin\Desktop\checkfinishjules errotouchaya yimid
14 verbose os Windows_NT 10.0.26200
15 verbose node v24.13.1
16 verbose npm  v11.8.0
17 notice
17 notice New minor version of npm available! 11.8.0 -> 11.21.0
17 notice Changelog: https://github.com/npm/cli/releases/tag/v11.21.0
17 notice To update run: npm install -g npm@11.21.0
17 notice  { force: true, Symbol(proc-log.meta): true }
18 verbose exit 0
19 info ok
